16:09:07 **** Incremental Build of configuration Debug for project key11 ****
make -j20 all 
arm-none-eabi-gcc "../applications/main.c"
linking...
arm-none-eabi-objcopy -O binary "rtthread.elf"  "rtthread.bin"
arm-none-eabi-size --format=berkeley "rtthread.elf"
   text	   data	    bss	    dec	    hex	filename
  54016	   1808	   3400	  59224	   e758	rtthread.elf

              Used Size(B)           Used Size(KB)
Flash:          55824 B               54.52 KB
RAM:             5208 B                5.09 KB

16:09:08 Build Finished. 0 errors, 0 warnings. (took 518ms)

